no changes added to commit (use "git add" and/or "git commit -a")
hoangduytran@Hoangs-MBP blender_manual % git commit -am 'Latest changes today, returned to the basic first characters checks in binarySearch for fuzzy translation'
[master 5bac36a8bb] Latest changes today, returned to the basic first characters checks in binarySearch for fuzzy translation
 Committer: Hoang Duy Tran <hoangduytran@Hoangs-MBP.cust.communityfibre.co.uk>
Your name and email address were configured automatically based
on your username and hostname. Please check that they are accurate.
You can suppress this message by setting them explicitly. Run the
following command and follow the instructions in your editor to edit
your configuration file:

    git config --global --edit

After doing this, you may fix the identity used for this commit with:

    git commit --amend --reset-author

 12 files changed, 1255 insertions(+), 256 deletions(-)
 rewrite working_txt.pages (81%)
hoangduytran@Hoangs-MBP blender_manual % git config --global --edit
hoangduytran@Hoangs-MBP blender_manual % git commit --amend --reset-author
[master 5036284c5d] Latest changes today, returned to the basic first characters checks in binarySearch for fuzzy translation
 12 files changed, 1255 insertions(+), 256 deletions(-)
 rewrite working_txt.pages (81%)
hoangduytran@Hoangs-MBP blender_manual % git push
Enumerating objects: 33, done.
Counting objects: 100% (33/33), done.
Delta compression using up to 8 threads
Compressing objects: 100% (18/18), done.
Writing objects: 100% (18/18), 634.51 KiB | 9.20 MiB/s, done.
Total 18 (delta 14), reused 0 (delta 0)
remote: Resolving deltas: 100% (14/14), completed with 14 local objects.
To https://github.com/hoangduytranuk/blender_manual
   03d1eb1d3f..5036284c5d  master -> master